Using a slow image processor as `use_fast` is unset and a slow processor was saved with this model. `use_fast=True` will be the default behavior in v4.52, even if the model was saved with a slow processor. This will result in minor differences in outputs. You'll still be able to use a slow processor with `use_fast=False`.
Traceback (most recent call last):
  File "<RUNTIME_ROOT>/ocr_runtime/benchmark.py", line 92, in <module>
    if __name__ == "__main__": raise SystemExit(main())
                                                ^^^^^^
  File "<RUNTIME_ROOT>/ocr_runtime/benchmark.py", line 63, in main
    adapter.load(dtype=dtype, attn_implementation=attention)
  File "<RUNTIME_ROOT>/ocr_runtime/adapters/chat_vl.py", line 23, in load
    self.processor = transformers.AutoProcessor.from_pretrained(
                     ^^^^^^^^^^^^^^^^^^^^^^^^^^^^^^^^^^^^^^^^^^^
  File "<RUNTIME_ROOT>/ocr_runtime/envs/dots_mocr/lib/python3.12/site-packages/transformers/models/auto/processing_auto.py", line 343, in from_pretrained
    return processor_class.from_pretrained(
           ^^^^^^^^^^^^^^^^^^^^^^^^^^^^^^^^
  File "<RUNTIME_ROOT>/ocr_runtime/envs/dots_mocr/lib/python3.12/site-packages/transformers/processing_utils.py", line 1082, in from_pretrained
    return cls.from_args_and_dict(args, processor_dict, **kwargs)
           ^^^^^^^^^^^^^^^^^^^^^^^^^^^^^^^^^^^^^^^^^^^^^^^^^^^^^^
  File "<RUNTIME_ROOT>/ocr_runtime/envs/dots_mocr/lib/python3.12/site-packages/transformers/processing_utils.py", line 876, in from_args_and_dict
    processor = cls(*args, **processor_dict)
                ^^^^^^^^^^^^^^^^^^^^^^^^^^^^
  File "<RUNTIME_ROOT>/.cache/huggingface/modules/transformers_modules/DotsMOCR/configuration_dots.py", line 71, in __init__
    super().__init__(image_processor, tokenizer, video_processor, chat_template=chat_template)
TypeError: Qwen2_5_VLProcessor.__init__() got multiple values for argument 'chat_template'
The image processor of type `Qwen2VLImageProcessor` is now loaded as a fast processor by default, even if the model checkpoint was saved with a slow processor. This is a breaking change and may produce slightly different outputs. To continue using the slow processor, instantiate this class with `use_fast=False`. Note that this behavior will be extended to all models in a future release.
You have video processor config saved in `preprocessor.json` file which is deprecated. Video processor configs should be saved in their own `video_preprocessor.json` file. You can rename the file or load and save the processor back which renames it automatically. Loading from `preprocessor.json` will be removed in v5.0.

Loading checkpoint shards:   0%|          | 0/2 [00:00<?, ?it/s]
Loading checkpoint shards:  50%|█████     | 1/2 [00:00<00:00,  1.17it/s]
Loading checkpoint shards: 100%|██████████| 2/2 [00:01<00:00,  2.19it/s]
Loading checkpoint shards: 100%|██████████| 2/2 [00:01<00:00,  1.94it/s]
Setting `pad_token_id` to `eos_token_id`:151643 for open-end generation.
Setting `pad_token_id` to `eos_token_id`:151643 for open-end generation.
Setting `pad_token_id` to `eos_token_id`:151643 for open-end generation.
Setting `pad_token_id` to `eos_token_id`:151643 for open-end generation.
Setting `pad_token_id` to `eos_token_id`:151643 for open-end generation.
Setting `pad_token_id` to `eos_token_id`:151643 for open-end generation.
Setting `pad_token_id` to `eos_token_id`:151643 for open-end generation.
Setting `pad_token_id` to `eos_token_id`:151643 for open-end generation.
Setting `pad_token_id` to `eos_token_id`:151643 for open-end generation.
Setting `pad_token_id` to `eos_token_id`:151643 for open-end generation.
Setting `pad_token_id` to `eos_token_id`:151643 for open-end generation.
Setting `pad_token_id` to `eos_token_id`:151643 for open-end generation.
Setting `pad_token_id` to `eos_token_id`:151643 for open-end generation.
Setting `pad_token_id` to `eos_token_id`:151643 for open-end generation.
Setting `pad_token_id` to `eos_token_id`:151643 for open-end generation.
Setting `pad_token_id` to `eos_token_id`:151643 for open-end generation.
Setting `pad_token_id` to `eos_token_id`:151643 for open-end generation.
Setting `pad_token_id` to `eos_token_id`:151643 for open-end generation.
Setting `pad_token_id` to `eos_token_id`:151643 for open-end generation.
Setting `pad_token_id` to `eos_token_id`:151643 for open-end generation.
Setting `pad_token_id` to `eos_token_id`:151643 for open-end generation.
Setting `pad_token_id` to `eos_token_id`:151643 for open-end generation.
Setting `pad_token_id` to `eos_token_id`:151643 for open-end generation.
Setting `pad_token_id` to `eos_token_id`:151643 for open-end generation.
Setting `pad_token_id` to `eos_token_id`:151643 for open-end generation.
Setting `pad_token_id` to `eos_token_id`:151643 for open-end generation.
Setting `pad_token_id` to `eos_token_id`:151643 for open-end generation.
Setting `pad_token_id` to `eos_token_id`:151643 for open-end generation.
Setting `pad_token_id` to `eos_token_id`:151643 for open-end generation.
Setting `pad_token_id` to `eos_token_id`:151643 for open-end generation.
Setting `pad_token_id` to `eos_token_id`:151643 for open-end generation.
Setting `pad_token_id` to `eos_token_id`:151643 for open-end generation.
Setting `pad_token_id` to `eos_token_id`:151643 for open-end generation.
Setting `pad_token_id` to `eos_token_id`:151643 for open-end generation.
Setting `pad_token_id` to `eos_token_id`:151643 for open-end generation.
Setting `pad_token_id` to `eos_token_id`:151643 for open-end generation.
Setting `pad_token_id` to `eos_token_id`:151643 for open-end generation.
Setting `pad_token_id` to `eos_token_id`:151643 for open-end generation.
Setting `pad_token_id` to `eos_token_id`:151643 for open-end generation.
Setting `pad_token_id` to `eos_token_id`:151643 for open-end generation.
Setting `pad_token_id` to `eos_token_id`:151643 for open-end generation.
Setting `pad_token_id` to `eos_token_id`:151643 for open-end generation.
Setting `pad_token_id` to `eos_token_id`:151643 for open-end generation.
